// Jest Snapshot v1, https://goo.gl/fbAQLP

exports[`NotificationContext component should render 1`] = `
<div>
  test
</div>
`;
